// Jest Snapshot v1, https://goo.gl/fbAQLP

exports[`<App /> renders correctly 1`] = `
<div
  className="App"
>
  <div
    className="Background"
    style={
      Object {
        "backgroundImage": "url()",
      }
    }
  />
  <form
    className="makeStyles-form-1"
    onSubmit={[Function]}
  >
    <div
      className="MuiFormControl-root MuiTextField-root makeStyles-search-2"
    >
      <label
        className="MuiFormLabel-root MuiInputLabel-root MuiInputLabel-formControl MuiInputLabel-animated MuiInputLabel-filled"
        data-shrink={false}
        htmlFor="city-text"
        id="city-text-label"
      >
        City
      </label>
      <div
        className="MuiInputBase-root MuiFilledInput-root MuiFilledInput-underline MuiInputBase-formControl"
        onClick={[Function]}
      >
        <input
          aria-invalid={false}
          autoFocus={false}
          className="MuiInputBase-input MuiFilledInput-input"
          disabled={false}
          id="city-text"
          onAnimationStart={[Function]}
          onBlur={[Function]}
          onChange={[Function]}
          onFocus={[Function]}
          required={false}
          type="text"
          value=""
        />
      </div>
      
    </div>
    <button
      className="MuiButtonBase-root MuiButton-root MuiButton-contained makeStyles-button-3"
      disabled={false}
      onBlur={[Function]}
      onDragLeave={[Function]}
      onFocus={[Function]}
      onKeyDown={[Function]}
      onKeyUp={[Function]}
      onMouseDown={[Function]}
      onMouseLeave={[Function]}
      onMouseUp={[Function]}
      onTouchEnd={[Function]}
      onTouchMove={[Function]}
      onTouchStart={[Function]}
      tabIndex={0}
      type="submit"
    >
      <span
        className="MuiButton-label"
      >
        Search
      </span>
      <span
        className="MuiTouchRipple-root"
      />
    </button>
  </form>
  <div
    className="makeStyles-container-4"
  >
    <div>
      <div>
        Loading
      </div>
      <div
        className="MuiCircularProgress-root makeStyles-progressCircle-11 MuiCircularProgress-colorPrimary MuiCircularProgress-indeterminate"
        role="progressbar"
        style={
          Object {
            "height": 40,
            "width": 40,
          }
        }
      >
        <svg
          className="MuiCircularProgress-svg"
          viewBox="22 22 44 44"
        >
          <circle
            className="MuiCircularProgress-circle MuiCircularProgress-circleIndeterminate"
            cx={44}
            cy={44}
            fill="none"
            r={20.2}
            strokeWidth={3.6}
            style={Object {}}
          />
        </svg>
      </div>
    </div>
  </div>
</div>
`;
