// Jest Snapshot v1, https://goo.gl/fbAQLP

exports[`<Forecast /> renders correctly when provided with valid data object 1`] = `
<div
  className="MuiGrid-root makeStyles-grid-1 MuiGrid-container MuiGrid-spacing-xs-2"
>
  <div
    className="MuiGrid-root makeStyles-gridItem-2 MuiGrid-item"
  >
    <div
      className="MuiPaper-root MuiCard-root makeStyles-card-3 MuiPaper-elevation1 MuiPaper-rounded"
    >
      <div
        className="MuiCardContent-root makeStyles-content-4"
      >
        <div
          className="MuiGrid-root MuiGrid-container"
        >
          <div
            className="MuiGrid-root MuiGrid-item"
          >
            <div
              className="MuiCardMedia-root makeStyles-media-5"
              style={
                Object {
                  "backgroundImage": "url(\\"https://openweathermap.org/img/wn/10d@2x.png\\")",
                }
              }
              title="light rain icon"
            />
          </div>
          <div
            className="MuiGrid-root makeStyles-item-6 MuiGrid-item"
          >
            <p
              className="MuiTypography-root MuiTypography-body1"
            >
              Tue
            </p>
          </div>
          <div
            className="MuiGrid-root makeStyles-item-6 MuiGrid-item"
          >
             
            <p
              className="MuiTypography-root MuiTypography-body1"
            >
              Min: 
              9
              °C
            </p>
          </div>
          <div
            className="MuiGrid-root makeStyles-item-6 MuiGrid-item"
          >
             
            <p
              className="MuiTypography-root MuiTypography-body1"
            >
              Max: 
              15
              °C
            </p>
          </div>
        </div>
      </div>
    </div>
  </div>
  <div
    className="MuiGrid-root makeStyles-gridItem-2 MuiGrid-item"
  >
    <div
      className="MuiPaper-root MuiCard-root makeStyles-card-3 MuiPaper-elevation1 MuiPaper-rounded"
    >
      <div
        className="MuiCardContent-root makeStyles-content-4"
      >
        <div
          className="MuiGrid-root MuiGrid-container"
        >
          <div
            className="MuiGrid-root MuiGrid-item"
          >
            <div
              className="MuiCardMedia-root makeStyles-media-5"
              style={
                Object {
                  "backgroundImage": "url(\\"https://openweathermap.org/img/wn/04d@2x.png\\")",
                }
              }
              title="overcast clouds icon"
            />
          </div>
          <div
            className="MuiGrid-root makeStyles-item-6 MuiGrid-item"
          >
            <p
              className="MuiTypography-root MuiTypography-body1"
            >
              Wed
            </p>
          </div>
          <div
            className="MuiGrid-root makeStyles-item-6 MuiGrid-item"
          >
             
            <p
              className="MuiTypography-root MuiTypography-body1"
            >
              Min: 
              10
              °C
            </p>
          </div>
          <div
            className="MuiGrid-root makeStyles-item-6 MuiGrid-item"
          >
             
            <p
              className="MuiTypography-root MuiTypography-body1"
            >
              Max: 
              17
              °C
            </p>
          </div>
        </div>
      </div>
    </div>
  </div>
  <div
    className="MuiGrid-root makeStyles-gridItem-2 MuiGrid-item"
  >
    <div
      className="MuiPaper-root MuiCard-root makeStyles-card-3 MuiPaper-elevation1 MuiPaper-rounded"
    >
      <div
        className="MuiCardContent-root makeStyles-content-4"
      >
        <div
          className="MuiGrid-root MuiGrid-container"
        >
          <div
            className="MuiGrid-root MuiGrid-item"
          >
            <div
              className="MuiCardMedia-root makeStyles-media-5"
              style={
                Object {
                  "backgroundImage": "url(\\"https://openweathermap.org/img/wn/03d@2x.png\\")",
                }
              }
              title="scattered clouds icon"
            />
          </div>
          <div
            className="MuiGrid-root makeStyles-item-6 MuiGrid-item"
          >
            <p
              className="MuiTypography-root MuiTypography-body1"
            >
              Thur
            </p>
          </div>
          <div
            className="MuiGrid-root makeStyles-item-6 MuiGrid-item"
          >
             
            <p
              className="MuiTypography-root MuiTypography-body1"
            >
              Min: 
              11
              °C
            </p>
          </div>
          <div
            className="MuiGrid-root makeStyles-item-6 MuiGrid-item"
          >
             
            <p
              className="MuiTypography-root MuiTypography-body1"
            >
              Max: 
              18
              °C
            </p>
          </div>
        </div>
      </div>
    </div>
  </div>
  <div
    className="MuiGrid-root makeStyles-gridItem-2 MuiGrid-item"
  >
    <div
      className="MuiPaper-root MuiCard-root makeStyles-card-3 MuiPaper-elevation1 MuiPaper-rounded"
    >
      <div
        className="MuiCardContent-root makeStyles-content-4"
      >
        <div
          className="MuiGrid-root MuiGrid-container"
        >
          <div
            className="MuiGrid-root MuiGrid-item"
          >
            <div
              className="MuiCardMedia-root makeStyles-media-5"
              style={
                Object {
                  "backgroundImage": "url(\\"https://openweathermap.org/img/wn/10d@2x.png\\")",
                }
              }
              title="light rain icon"
            />
          </div>
          <div
            className="MuiGrid-root makeStyles-item-6 MuiGrid-item"
          >
            <p
              className="MuiTypography-root MuiTypography-body1"
            >
              Fri
            </p>
          </div>
          <div
            className="MuiGrid-root makeStyles-item-6 MuiGrid-item"
          >
             
            <p
              className="MuiTypography-root MuiTypography-body1"
            >
              Min: 
              12
              °C
            </p>
          </div>
          <div
            className="MuiGrid-root makeStyles-item-6 MuiGrid-item"
          >
             
            <p
              className="MuiTypography-root MuiTypography-body1"
            >
              Max: 
              16
              °C
            </p>
          </div>
        </div>
      </div>
    </div>
  </div>
  <div
    className="MuiGrid-root makeStyles-gridItem-2 MuiGrid-item"
  >
    <div
      className="MuiPaper-root MuiCard-root makeStyles-card-3 MuiPaper-elevation1 MuiPaper-rounded"
    >
      <div
        className="MuiCardContent-root makeStyles-content-4"
      >
        <div
          className="MuiGrid-root MuiGrid-container"
        >
          <div
            className="MuiGrid-root MuiGrid-item"
          >
            <div
              className="MuiCardMedia-root makeStyles-media-5"
              style={
                Object {
                  "backgroundImage": "url(\\"https://openweathermap.org/img/wn/01d@2x.png\\")",
                }
              }
              title="clear sky icon"
            />
          </div>
          <div
            className="MuiGrid-root makeStyles-item-6 MuiGrid-item"
          >
            <p
              className="MuiTypography-root MuiTypography-body1"
            >
              Sat
            </p>
          </div>
          <div
            className="MuiGrid-root makeStyles-item-6 MuiGrid-item"
          >
             
            <p
              className="MuiTypography-root MuiTypography-body1"
            >
              Min: 
              11
              °C
            </p>
          </div>
          <div
            className="MuiGrid-root makeStyles-item-6 MuiGrid-item"
          >
             
            <p
              className="MuiTypography-root MuiTypography-body1"
            >
              Max: 
              17
              °C
            </p>
          </div>
        </div>
      </div>
    </div>
  </div>
  <div
    className="MuiGrid-root makeStyles-gridItem-2 MuiGrid-item"
  >
    <div
      className="MuiPaper-root MuiCard-root makeStyles-card-3 MuiPaper-elevation1 MuiPaper-rounded"
    >
      <div
        className="MuiCardContent-root makeStyles-content-4"
      >
        <div
          className="MuiGrid-root MuiGrid-container"
        >
          <div
            className="MuiGrid-root MuiGrid-item"
          >
            <div
              className="MuiCardMedia-root makeStyles-media-5"
              style={
                Object {
                  "backgroundImage": "url(\\"https://openweathermap.org/img/wn/04d@2x.png\\")",
                }
              }
              title="overcast clouds icon"
            />
          </div>
          <div
            className="MuiGrid-root makeStyles-item-6 MuiGrid-item"
          >
            <p
              className="MuiTypography-root MuiTypography-body1"
            >
              Sun
            </p>
          </div>
          <div
            className="MuiGrid-root makeStyles-item-6 MuiGrid-item"
          >
             
            <p
              className="MuiTypography-root MuiTypography-body1"
            >
              Min: 
              10
              °C
            </p>
          </div>
          <div
            className="MuiGrid-root makeStyles-item-6 MuiGrid-item"
          >
             
            <p
              className="MuiTypography-root MuiTypography-body1"
            >
              Max: 
              16
              °C
            </p>
          </div>
        </div>
      </div>
    </div>
  </div>
  <div
    className="MuiGrid-root makeStyles-gridItem-2 MuiGrid-item"
  >
    <div
      className="MuiPaper-root MuiCard-root makeStyles-card-3 MuiPaper-elevation1 MuiPaper-rounded"
    >
      <div
        className="MuiCardContent-root makeStyles-content-4"
      >
        <div
          className="MuiGrid-root MuiGrid-container"
        >
          <div
            className="MuiGrid-root MuiGrid-item"
          >
            <div
              className="MuiCardMedia-root makeStyles-media-5"
              style={
                Object {
                  "backgroundImage": "url(\\"https://openweathermap.org/img/wn/04d@2x.png\\")",
                }
              }
              title="overcast clouds icon"
            />
          </div>
          <div
            className="MuiGrid-root makeStyles-item-6 MuiGrid-item"
          >
            <p
              className="MuiTypography-root MuiTypography-body1"
            >
              Mon
            </p>
          </div>
          <div
            className="MuiGrid-root makeStyles-item-6 MuiGrid-item"
          >
             
            <p
              className="MuiTypography-root MuiTypography-body1"
            >
              Min: 
              11
              °C
            </p>
          </div>
          <div
            className="MuiGrid-root makeStyles-item-6 MuiGrid-item"
          >
             
            <p
              className="MuiTypography-root MuiTypography-body1"
            >
              Max: 
              16
              °C
            </p>
          </div>
        </div>
      </div>
    </div>
  </div>
</div>
`;
